// Jest Snapshot v1, https://goo.gl/fbAQLP

exports[`<RedflagPage /> should render without crashing 1`] = `
<div>
  <Navbar
    access="true"
    firstbtn="Add New Redflag"
    firstbtnclick={[Function]}
    secondbtn="Intervention"
    secondbtnclick={[Function]}
  />
  <switchNav />
  <div>
    <Container>
      <CardGroup
        centered={true}
      >
        <ViewCard
          data={Object {}}
          type="red-flags"
        />
      </CardGroup>
    </Container>
  </div>
</div>
`;
